WARNING: overwriting environment variables set in the machine
overwriting variable GPAW_CONFIG
Loading mkl version 2022.0.1
Loading mpi version 2021.5.0
